// Jest Snapshot v1, https://goo.gl/fbAQLP

exports[`LoginComponent should test snapshot of LoginComponent 1`] = `[Function]`;
