// Jest Snapshot v1, https://goo.gl/fbAQLP

exports[`HomeComponent should match the snapshot 1`] = `
HomeComponent {
  "showLoginStatus": false,
}
`;
